// Jest Snapshot v1, https://goo.gl/fbAQLP

exports[`BookmarkStar renders 1`] = `
<withApi(BookmarkStar)
  organization={
    Object {
      "access": Array [
        "org:read",
        "org:write",
        "org:admin",
        "org:integrations",
        "project:read",
        "project:write",
        "project:admin",
        "team:read",
        "team:write",
        "team:admin",
      ],
      "features": Array [],
      "id": "3",
      "name": "Organization Name",
      "onboardingTasks": Array [],
      "projects": Array [],
      "scrapeJavaScript": true,
      "slug": "org-slug",
      "status": Object {
        "id": "active",
        "name": "active",
      },
      "teams": Array [],
    }
  }
  project={
    Object {
      "environments": Array [],
      "hasAccess": true,
      "id": "2",
      "isBookmarked": false,
      "isMember": true,
      "name": "Project Name",
      "slug": "project-slug",
      "teams": Array [],
    }
  }
>
  <BookmarkStar
    api={Client {}}
    organization={
      Object {
        "access": Array [
          "org:read",
          "org:write",
          "org:admin",
          "org:integrations",
          "project:read",
          "project:write",
          "project:admin",
          "team:read",
          "team:write",
          "team:admin",
        ],
        "features": Array [],
        "id": "3",
        "name": "Organization Name",
        "onboardingTasks": Array [],
        "projects": Array [],
        "scrapeJavaScript": true,
        "slug": "org-slug",
        "status": Object {
          "id": "active",
          "name": "active",
        },
        "teams": Array [],
      }
    }
    project={
      Object {
        "environments": Array [],
        "hasAccess": true,
        "id": "2",
        "isBookmarked": false,
        "isMember": true,
        "name": "Project Name",
        "slug": "project-slug",
        "teams": Array [],
      }
    }
  >
    <Tooltip
      isBookmarked={false}
      title="Add to bookmarks"
    >
      <Star
        className="tip"
        isBookmarked={false}
        onClick={[Function]}
        src="icon-star-small-filled"
        title="Add to bookmarks"
      >
        <InlineSvg
          className="tip css-fl9x15-Star e1urz3930"
          isBookmarked={false}
          onClick={[Function]}
          src="icon-star-small-filled"
          title="Add to bookmarks"
        >
          <StyledSvg
            className="tip css-fl9x15-Star e1urz3930"
            height="1em"
            isBookmarked={false}
            onClick={[Function]}
            title="Add to bookmarks"
            viewBox={Object {}}
            width="1em"
          >
            <svg
              className="tip e1urz3930 css-1b9wx8m-StyledSvg-Star e2idor0"
              height="1em"
              onClick={[Function]}
              title="Add to bookmarks"
              viewBox={Object {}}
              width="1em"
            >
              <use
                href="#test"
                xlinkHref="#test"
              />
            </svg>
          </StyledSvg>
        </InlineSvg>
      </Star>
    </Tooltip>
  </BookmarkStar>
</withApi(BookmarkStar)>
`;
